Lattice Timing Report -  Setup  and Hold, Version Radiant Software (64-bit) 2026.1.0.37.0

Tue Jul 28 18:15:42 2026

Copyright (c) 1991-1994 by NeoCAD Inc. All rights reserved.
Copyright (c) 1995 AT&T Corp.   All rights reserved.
Copyright (c) 1995-2001 Lucent Technologies Inc.  All rights reserved.
Copyright (c) 2001 Agere Systems   All rights reserved.
Copyright (c) 2002-2026 Lattice Semiconductor Corporation,  All rights reserved.

Command line:    timing -sethld -v 10 -u 10 -endpoints 10 -nperend 1 -sp High-Performance_1.2V -hsp m -pwrprd -html -rpt HopWINS_UWBDO_FPGA_impl_1.twr HopWINS_UWBDO_FPGA_impl_1.udb -gui -msgset C:/Users/zhang/OneDrive/Desktop/UWBDO/HopWINS-UWBDO/FPGA/promote.xml

-----------------------------------------
Design:          top
Family:          iCE40UP
Device:          iCE40UP5K
Package:         SG48
Performance:     High-Performance_1.2V
Package Status:                     Preliminary    Version 1.5
**Performance Hardware Data Status :   Advanced Version 1.0
-----------------------------------------


=====================================================================
                    Table of Contents
=====================================================================
    1  Timing Overview
        1.1  SDC Constraints
        1.2  Constraint Coverage
        1.3  Overall Summary
        1.4  Unconstrained Report
        1.5  Combinational Loop
    2  Setup at Speed Grade High-Performance_1.2V Corner at 100 Degrees
        2.1  Clock Summary
        2.2  Endpoint slacks
        2.3  Detailed Report
    3  Hold at Speed Grade m Corner at -40 Degrees
        3.1  Endpoint slacks
        3.2  Detailed Report

=====================================================================
                    End of Table of Contents
=====================================================================

==============================================
1  Timing Overview
==============================================

1.1  SDC Constraints
=====================
create_clock -name {CLK_IN} -period 26.041666667 [get_ports CLK_IN]
set_output_delay -clock [get_clocks CLK_IN] -min 9 [get_ports {CLK PPS SYNC}]
set_output_delay -clock [get_clocks CLK_IN] -max 14.542 [get_ports {CLK PPS SYNC}]
set_input_delay -clock [get_clocks CLK_IN] -min 0 [get_ports FPGA_EN]
set_input_delay -clock [get_clocks CLK_IN] -max 5 [get_ports FPGA_EN]
set_false_path -from [get_ports FPGA_EN]

1.2  Constraint Coverage
---------------------------
Constraint Coverage: 100%


1.3  Overall Summary
---------------------------
 Setup at Speed Grade High-Performance_1.2V Corner at 100 Degrees     Timing Errors: 0 endpoints;  Total Negative Slack: 0.000 ns 
 Hold at Speed Grade m Corner at -40 Degrees                          Timing Errors: 0 endpoints;  Total Negative Slack: 0.000 ns 

1.4  Unconstrained Report
===========================

1.4.1  Unconstrained Start/End Points
--------------------------------------

Clocked but unconstrained timing start points
--------------------------------------------------
There is no start point satisfying reporting criteria


Clocked but unconstrained timing end points
--------------------------------------------------
There is no end point satisfying reporting criteria


1.4.2  Start/End Points Without Timing Constraints
---------------------------------------------------

I/O ports without constraint
----------------------------
Possible constraints to use on I/O ports are:
set_input_delay,
set_output_delay,
set_max_delay,
create_clock,
create_generated_clock,
...

--------------------------------------------------
There is no end point satisfying reporting criteria


Nets without clock definition
Define a clock on a top level port or a generated clock on a clock divider pin associated with this net(s).
--------------------------------------------------
There is no instance satisfying reporting criteria



1.5  Combinational Loop
========================
None

===============================================================
2  Setup at Speed Grade High-Performance_1.2V Corner at 100 Degrees
===============================================================

2.1  Clock Summary
=======================

2.1.1 Clock "CLK_IN"
=======================
create_clock -name {CLK_IN} -period 26.041666667 [get_ports CLK_IN]

Single Clock Domain
-------------------------------------------------------------------------------------------------------
              Clock CLK_IN              |                    |       Period       |     Frequency      
-------------------------------------------------------------------------------------------------------
 From CLK_IN                            |             Target |          26.042 ns |         38.400 MHz 
                                        | Actual (all paths) |          25.748 ns |         38.838 MHz 
-------------------------------------------------------------------------------------------------------

Clock Domain Crossing

2.2  Endpoint slacks
=======================
-------------------------------------------------------
          Listing 10 End Points          |    Slack    
-------------------------------------------------------
SYNC                                     |    0.294 ns 
PPS                                      |    0.294 ns 
CLK                                      |    0.294 ns 
{pps_counter_55__i11/SR   pps_counter_55__i12/SR}              
                                         |    9.983 ns 
{pps_counter_55__i23/SR   pps_counter_55__i24/SR}              
                                         |    9.983 ns 
pps_counter_55__i25/SR                   |    9.983 ns 
{pps_counter_55__i7/SR   pps_counter_55__i8/SR}              
                                         |    9.983 ns 
{pps_counter_55__i13/SR   pps_counter_55__i14/SR}              
                                         |    9.983 ns 
{pps_counter_55__i9/SR   pps_counter_55__i10/SR}              
                                         |    9.983 ns 
{pps_counter_55__i19/SR   pps_counter_55__i20/SR}              
                                         |   11.014 ns 
-------------------------------------------------------
                                         |             
Setup # of endpoints with negative slack:|           0 
                                         |             
-------------------------------------------------------

2.3  Detailed Report
=======================


XXXXXXXXXXXXXXXXXXXXXXXXXXXXXXXXXXXXXXXXXXXXXXXXXXXXXXXXXX

Detail report of critical paths

XXXXXXXXXXXXXXXXXXXXXXXXXXXXXXXXXXXXXXXXXXXXXXXXXXXXXXXXXX

+++++++++++++++++++++++++++++++++++++++++++++++++++++++++++++++++++++ 
                    Detailed Report for timing paths 
+++++++++++++++++++++++++++++++++++++++++++++++++++++++++++++++++++++ 

++++ Path 1 ++++++++++++++++++++++++++++++++++++++++++++++++++++++++++ 

Path Begin       : sync_iol/PADDO  (IOLOGIC_IOL_L17A)
Path End         : SYNC  (top)
Source Clock     : CLK_IN (R)
Destination Clock: CLK_IN (R)
Logic Level      : 2
Delay Ratio      : 0.0% (route), 100.0% (logic)
Clock Skew       : -6.349 ns 
Setup Constraint : 26.041 ns 
Path Slack       : 0.293 ns  (Passed)


Source Clock Path
Name                                      Cell/Site Name    Delay Name             Incr       Arrival/Required Time  Fanout  
----------------------------------------  ----------------  ---------------------  ---------  ---------------------  ------  
CLK_IN                                    top               CLOCK LATENCY              0.000                  0.000  1       
CLK_IN                                                      NET DELAY                  0.000                  0.000  1       
CLK_IN_pad.bb_inst/B->CLK_IN_pad.bb_inst/O
                                          PIO_20            IOPAD_TO_PADDI_DELAY       0.850                  0.850  23      
CLK_IN_c                                                    NET DELAY                  5.499                  6.349  23      
sync_iol/OUTCLK                                             CLOCK PIN                  0.000                  6.349  1       


Data Path
Name                                      Cell/Site Name    Delay Name             Incr       Arrival/Required Time  Fanout  
----------------------------------------  ----------------  ---------------------  ---------  ---------------------  ------  
sync_iol/OUTCLK->sync_iol/PADDO           IOLOGIC_IOL_L17A  OUTCLK_TO_PADDO_DELAY      1.523                  7.872  1       
sync_paddo                                                  NET DELAY                  0.000                  7.872  1       
sync_ob.bb_inst/I->sync_ob.bb_inst/B                        PADDO_TO_IOPAD_DELAY       3.334                 11.206  1       
SYNC                                                        NET DELAY                  0.000                 11.206  1       
SYNC                                                        ENDPOINT                   0.000                 11.206  1       


Destination Clock Path
Name                                      Cell/Site Name    Delay Name             Incr       Arrival/Required Time  Fanout  
----------------------------------------  ----------------  ---------------------  ---------  ---------------------  ------  
                                                            CONSTRAINT                                       26.041  
                                                            CLOCK LATENCY              0.000                 26.041  
                                                            Uncertainty             -(0.000)                 26.041  
                                                            Output delay           -(14.542)                 11.499  
----------------------------------------  ----------------  ---------------------  ---------  ---------------------  ------  
Required Time                                                                                                11.499  
Arrival Time                                                                                              -(11.205)  
----------------------------------------  ----------------  ---------------------  ---------  ---------------------  ------  
Path Slack  (Passed)                                                                                          0.293  




++++ Path 2 ++++++++++++++++++++++++++++++++++++++++++++++++++++++++++ 

Path Begin       : pps_iol/PADDO  (IOLOGIC_IOL_L16A)
Path End         : PPS  (top)
Source Clock     : CLK_IN (R)
Destination Clock: CLK_IN (R)
Logic Level      : 2
Delay Ratio      : 0.0% (route), 100.0% (logic)
Clock Skew       : -6.349 ns 
Setup Constraint : 26.041 ns 
Path Slack       : 0.293 ns  (Passed)


Source Clock Path
Name                                      Cell/Site Name    Delay Name             Incr       Arrival/Required Time  Fanout  
----------------------------------------  ----------------  ---------------------  ---------  ---------------------  ------  
CLK_IN                                    top               CLOCK LATENCY              0.000                  0.000  1       
CLK_IN                                                      NET DELAY                  0.000                  0.000  1       
CLK_IN_pad.bb_inst/B->CLK_IN_pad.bb_inst/O
                                          PIO_20            IOPAD_TO_PADDI_DELAY       0.850                  0.850  23      
CLK_IN_c                                                    NET DELAY                  5.499                  6.349  23      
pps_iol/OUTCLK                                              CLOCK PIN                  0.000                  6.349  1       


Data Path
Name                                      Cell/Site Name    Delay Name             Incr       Arrival/Required Time  Fanout  
----------------------------------------  ----------------  ---------------------  ---------  ---------------------  ------  
pps_iol/OUTCLK->pps_iol/PADDO             IOLOGIC_IOL_L16A  OUTCLK_TO_PADDO_DELAY      1.523                  7.872  1       
pps_paddo                                                   NET DELAY                  0.000                  7.872  1       
pps_ob.bb_inst/I->pps_ob.bb_inst/B                          PADDO_TO_IOPAD_DELAY       3.334                 11.206  1       
PPS                                                         NET DELAY                  0.000                 11.206  1       
PPS                                                         ENDPOINT                   0.000                 11.206  1       


Destination Clock Path
Name                                      Cell/Site Name    Delay Name             Incr       Arrival/Required Time  Fanout  
----------------------------------------  ----------------  ---------------------  ---------  ---------------------  ------  
                                                            CONSTRAINT                                       26.041  
                                                            CLOCK LATENCY              0.000                 26.041  
                                                            Uncertainty             -(0.000)                 26.041  
                                                            Output delay           -(14.542)                 11.499  
----------------------------------------  ----------------  ---------------------  ---------  ---------------------  ------  
Required Time                                                                                                11.499  
Arrival Time                                                                                              -(11.205)  
----------------------------------------  ----------------  ---------------------  ---------  ---------------------  ------  
Path Slack  (Passed)                                                                                          0.293  




++++ Path 3 ++++++++++++++++++++++++++++++++++++++++++++++++++++++++++ 

Path Begin       : g_clk_sdr.clk_iol/PADDO  (IOLOGIC_IOL_L19B)
Path End         : CLK  (top)
Source Clock     : CLK_IN (R)
Destination Clock: CLK_IN (R)
Logic Level      : 2
Delay Ratio      : 0.0% (route), 100.0% (logic)
Clock Skew       : -6.349 ns 
Setup Constraint : 26.041 ns 
Path Slack       : 0.293 ns  (Passed)


Source Clock Path
Name                                      Cell/Site Name    Delay Name             Incr       Arrival/Required Time  Fanout  
----------------------------------------  ----------------  ---------------------  ---------  ---------------------  ------  
CLK_IN                                    top               CLOCK LATENCY              0.000                  0.000  1       
CLK_IN                                                      NET DELAY                  0.000                  0.000  1       
CLK_IN_pad.bb_inst/B->CLK_IN_pad.bb_inst/O
                                          PIO_20            IOPAD_TO_PADDI_DELAY       0.850                  0.850  23      
CLK_IN_c                                                    NET DELAY                  5.499                  6.349  23      
g_clk_sdr.clk_iol/OUTCLK                                    CLOCK PIN                  0.000                  6.349  1       


Data Path
Name                                      Cell/Site Name    Delay Name             Incr       Arrival/Required Time  Fanout  
----------------------------------------  ----------------  ---------------------  ---------  ---------------------  ------  
g_clk_sdr.clk_iol/OUTCLK->g_clk_sdr.clk_iol/PADDO
                                          IOLOGIC_IOL_L19B  OUTCLK_TO_PADDO_DELAY      1.523                  7.872  1       
clk_paddo                                                   NET DELAY                  0.000                  7.872  1       
clk_ob.bb_inst/I->clk_ob.bb_inst/B                          PADDO_TO_IOPAD_DELAY       3.334                 11.206  1       
CLK                                                         NET DELAY                  0.000                 11.206  1       
CLK                                                         ENDPOINT                   0.000                 11.206  1       


Destination Clock Path
Name                                      Cell/Site Name    Delay Name             Incr       Arrival/Required Time  Fanout  
----------------------------------------  ----------------  ---------------------  ---------  ---------------------  ------  
                                                            CONSTRAINT                                       26.041  
                                                            CLOCK LATENCY              0.000                 26.041  
                                                            Uncertainty             -(0.000)                 26.041  
                                                            Output delay           -(14.542)                 11.499  
----------------------------------------  ----------------  ---------------------  ---------  ---------------------  ------  
Required Time                                                                                                11.499  
Arrival Time                                                                                              -(11.205)  
----------------------------------------  ----------------  ---------------------  ---------  ---------------------  ------  
Path Slack  (Passed)                                                                                          0.293  




++++ Path 4 ++++++++++++++++++++++++++++++++++++++++++++++++++++++++++ 

Path Begin       : pps_counter_55__i3/Q  (SLICE_R14C4C)
Path End         : {pps_counter_55__i11/SR   pps_counter_55__i12/SR}  (SLICE_R14C5C)
Source Clock     : CLK_IN (R)
Destination Clock: CLK_IN (R)
Logic Level      : 4
Delay Ratio      : 82.4% (route), 17.6% (logic)
Clock Skew       : 0.000 ns 
Setup Constraint : 26.041 ns 
Path Slack       : 9.982 ns  (Passed)


Source Clock Path
Name                                      Cell/Site Name  Delay Name            Incr      Arrival/Required Time  Fanout  
----------------------------------------  --------------  --------------------  --------  ---------------------  ------  
CLK_IN                                    top             CLOCK LATENCY            0.000                  0.000  1       
CLK_IN                                                    NET DELAY                0.000                  0.000  1       
CLK_IN_pad.bb_inst/B->CLK_IN_pad.bb_inst/O
                                          PIO_20          IOPAD_TO_PADDI_DELAY     0.850                  0.850  23      
CLK_IN_c                                                  NET DELAY                5.499                  6.349  23      
{pps_counter_55__i3/CK   pps_counter_55__i4/CK}
                                                          CLOCK PIN                0.000                  6.349  1       


Data Path
Name                                      Cell/Site Name  Delay Name            Incr      Arrival/Required Time  Fanout  
----------------------------------------  --------------  --------------------  --------  ---------------------  ------  
pps_counter_55__i3/CK->pps_counter_55__i3/Q
                                          SLICE_R14C4C    CLK_TO_Q0_DELAY          1.388                  7.737  2       
pps_counter[3]                                            NET DELAY                2.670                 10.407  2       
i1_3_lut/B->i1_3_lut/Z                    SLICE_R15C5C    B0_TO_F0_DELAY           0.449                 10.856  1       
n754                                                      NET DELAY                3.080                 13.936  1       
i1_4_lut_adj_4/C->i1_4_lut_adj_4/Z        SLICE_R14C3C    B1_TO_F1_DELAY           0.449                 14.385  1       
n760                                                      NET DELAY                2.168                 16.553  1       
i1_4_lut_adj_6/C->i1_4_lut_adj_6/Z        SLICE_R15C4B    D0_TO_F0_DELAY           0.449                 17.002  14      
n195                                                      NET DELAY                4.877                 21.879  14      
{pps_counter_55__i11/SR   pps_counter_55__i12/SR}
                                                          ENDPOINT                 0.000                 21.879  1       


Destination Clock Path
Name                                      Cell/Site Name  Delay Name            Incr      Arrival/Required Time  Fanout  
----------------------------------------  --------------  --------------------  --------  ---------------------  ------  
                                                          CONSTRAINT               0.000                 26.041  1       
CLK_IN                                    top             CLOCK LATENCY            0.000                 26.041  1       
CLK_IN                                                    NET DELAY                0.000                 26.041  1       
CLK_IN_pad.bb_inst/B->CLK_IN_pad.bb_inst/O
                                          PIO_20          IOPAD_TO_PADDI_DELAY     0.850                 26.891  23      
CLK_IN_c                                                  NET DELAY                5.499                 32.390  23      
{pps_counter_55__i11/CK   pps_counter_55__i12/CK}
                                                          CLOCK PIN                0.000                 32.390  1       
                                                          Uncertainty           -(0.000)                 32.390  
                                                          Setup time            -(0.529)                 31.861  
----------------------------------------  --------------  --------------------  --------  ---------------------  ------  
Required Time                                                                                            31.861  
Arrival Time                                                                                          -(21.878)  
----------------------------------------  --------------  --------------------  --------  ---------------------  ------  
Path Slack  (Passed)                                                                                      9.982  




++++ Path 5 ++++++++++++++++++++++++++++++++++++++++++++++++++++++++++ 

Path Begin       : pps_counter_55__i3/Q  (SLICE_R14C4C)
Path End         : {pps_counter_55__i23/SR   pps_counter_55__i24/SR}  (SLICE_R14C7A)
Source Clock     : CLK_IN (R)
Destination Clock: CLK_IN (R)
Logic Level      : 4
Delay Ratio      : 82.4% (route), 17.6% (logic)
Clock Skew       : 0.000 ns 
Setup Constraint : 26.041 ns 
Path Slack       : 9.982 ns  (Passed)


Source Clock Path
Name                                      Cell/Site Name  Delay Name            Incr      Arrival/Required Time  Fanout  
----------------------------------------  --------------  --------------------  --------  ---------------------  ------  
CLK_IN                                    top             CLOCK LATENCY            0.000                  0.000  1       
CLK_IN                                                    NET DELAY                0.000                  0.000  1       
CLK_IN_pad.bb_inst/B->CLK_IN_pad.bb_inst/O
                                          PIO_20          IOPAD_TO_PADDI_DELAY     0.850                  0.850  23      
CLK_IN_c                                                  NET DELAY                5.499                  6.349  23      
{pps_counter_55__i3/CK   pps_counter_55__i4/CK}
                                                          CLOCK PIN                0.000                  6.349  1       


Data Path
Name                                      Cell/Site Name  Delay Name            Incr      Arrival/Required Time  Fanout  
----------------------------------------  --------------  --------------------  --------  ---------------------  ------  
pps_counter_55__i3/CK->pps_counter_55__i3/Q
                                          SLICE_R14C4C    CLK_TO_Q0_DELAY          1.388                  7.737  2       
pps_counter[3]                                            NET DELAY                2.670                 10.407  2       
i1_3_lut/B->i1_3_lut/Z                    SLICE_R15C5C    B0_TO_F0_DELAY           0.449                 10.856  1       
n754                                                      NET DELAY                3.080                 13.936  1       
i1_4_lut_adj_4/C->i1_4_lut_adj_4/Z        SLICE_R14C3C    B1_TO_F1_DELAY           0.449                 14.385  1       
n760                                                      NET DELAY                2.168                 16.553  1       
i1_4_lut_adj_6/C->i1_4_lut_adj_6/Z        SLICE_R15C4B    D0_TO_F0_DELAY           0.449                 17.002  14      
n195                                                      NET DELAY                4.877                 21.879  14      
{pps_counter_55__i23/SR   pps_counter_55__i24/SR}
                                                          ENDPOINT                 0.000                 21.879  1       


Destination Clock Path
Name                                      Cell/Site Name  Delay Name            Incr      Arrival/Required Time  Fanout  
----------------------------------------  --------------  --------------------  --------  ---------------------  ------  
                                                          CONSTRAINT               0.000                 26.041  1       
CLK_IN                                    top             CLOCK LATENCY            0.000                 26.041  1       
CLK_IN                                                    NET DELAY                0.000                 26.041  1       
CLK_IN_pad.bb_inst/B->CLK_IN_pad.bb_inst/O
                                          PIO_20          IOPAD_TO_PADDI_DELAY     0.850                 26.891  23      
CLK_IN_c                                                  NET DELAY                5.499                 32.390  23      
{pps_counter_55__i23/CK   pps_counter_55__i24/CK}
                                                          CLOCK PIN                0.000                 32.390  1       
                                                          Uncertainty           -(0.000)                 32.390  
                                                          Setup time            -(0.529)                 31.861  
----------------------------------------  --------------  --------------------  --------  ---------------------  ------  
Required Time                                                                                            31.861  
Arrival Time                                                                                          -(21.878)  
----------------------------------------  --------------  --------------------  --------  ---------------------  ------  
Path Slack  (Passed)                                                                                      9.982  




++++ Path 6 ++++++++++++++++++++++++++++++++++++++++++++++++++++++++++ 

Path Begin       : pps_counter_55__i3/Q  (SLICE_R14C4C)
Path End         : pps_counter_55__i25/SR  (SLICE_R14C7B)
Source Clock     : CLK_IN (R)
Destination Clock: CLK_IN (R)
Logic Level      : 4
Delay Ratio      : 82.4% (route), 17.6% (logic)
Clock Skew       : 0.000 ns 
Setup Constraint : 26.041 ns 
Path Slack       : 9.982 ns  (Passed)


Source Clock Path
Name                                      Cell/Site Name  Delay Name            Incr      Arrival/Required Time  Fanout  
----------------------------------------  --------------  --------------------  --------  ---------------------  ------  
CLK_IN                                    top             CLOCK LATENCY            0.000                  0.000  1       
CLK_IN                                                    NET DELAY                0.000                  0.000  1       
CLK_IN_pad.bb_inst/B->CLK_IN_pad.bb_inst/O
                                          PIO_20          IOPAD_TO_PADDI_DELAY     0.850                  0.850  23      
CLK_IN_c                                                  NET DELAY                5.499                  6.349  23      
{pps_counter_55__i3/CK   pps_counter_55__i4/CK}
                                                          CLOCK PIN                0.000                  6.349  1       


Data Path
Name                                      Cell/Site Name  Delay Name            Incr      Arrival/Required Time  Fanout  
----------------------------------------  --------------  --------------------  --------  ---------------------  ------  
pps_counter_55__i3/CK->pps_counter_55__i3/Q
                                          SLICE_R14C4C    CLK_TO_Q0_DELAY          1.388                  7.737  2       
pps_counter[3]                                            NET DELAY                2.670                 10.407  2       
i1_3_lut/B->i1_3_lut/Z                    SLICE_R15C5C    B0_TO_F0_DELAY           0.449                 10.856  1       
n754                                                      NET DELAY                3.080                 13.936  1       
i1_4_lut_adj_4/C->i1_4_lut_adj_4/Z        SLICE_R14C3C    B1_TO_F1_DELAY           0.449                 14.385  1       
n760                                                      NET DELAY                2.168                 16.553  1       
i1_4_lut_adj_6/C->i1_4_lut_adj_6/Z        SLICE_R15C4B    D0_TO_F0_DELAY           0.449                 17.002  14      
n195                                                      NET DELAY                4.877                 21.879  14      
pps_counter_55__i25/SR                                    ENDPOINT                 0.000                 21.879  1       


Destination Clock Path
Name                                      Cell/Site Name  Delay Name            Incr      Arrival/Required Time  Fanout  
----------------------------------------  --------------  --------------------  --------  ---------------------  ------  
                                                          CONSTRAINT               0.000                 26.041  1       
CLK_IN                                    top             CLOCK LATENCY            0.000                 26.041  1       
CLK_IN                                                    NET DELAY                0.000                 26.041  1       
CLK_IN_pad.bb_inst/B->CLK_IN_pad.bb_inst/O
                                          PIO_20          IOPAD_TO_PADDI_DELAY     0.850                 26.891  23      
CLK_IN_c                                                  NET DELAY                5.499                 32.390  23      
pps_counter_55__i25/CK                                    CLOCK PIN                0.000                 32.390  1       
                                                          Uncertainty           -(0.000)                 32.390  
                                                          Setup time            -(0.529)                 31.861  
----------------------------------------  --------------  --------------------  --------  ---------------------  ------  
Required Time                                                                                            31.861  
Arrival Time                                                                                          -(21.878)  
----------------------------------------  --------------  --------------------  --------  ---------------------  ------  
Path Slack  (Passed)                                                                                      9.982  




++++ Path 7 ++++++++++++++++++++++++++++++++++++++++++++++++++++++++++ 

Path Begin       : pps_counter_55__i3/Q  (SLICE_R14C4C)
Path End         : {pps_counter_55__i7/SR   pps_counter_55__i8/SR}  (SLICE_R14C5A)
Source Clock     : CLK_IN (R)
Destination Clock: CLK_IN (R)
Logic Level      : 4
Delay Ratio      : 82.4% (route), 17.6% (logic)
Clock Skew       : 0.000 ns 
Setup Constraint : 26.041 ns 
Path Slack       : 9.982 ns  (Passed)


Source Clock Path
Name                                      Cell/Site Name  Delay Name            Incr      Arrival/Required Time  Fanout  
----------------------------------------  --------------  --------------------  --------  ---------------------  ------  
CLK_IN                                    top             CLOCK LATENCY            0.000                  0.000  1       
CLK_IN                                                    NET DELAY                0.000                  0.000  1       
CLK_IN_pad.bb_inst/B->CLK_IN_pad.bb_inst/O
                                          PIO_20          IOPAD_TO_PADDI_DELAY     0.850                  0.850  23      
CLK_IN_c                                                  NET DELAY                5.499                  6.349  23      
{pps_counter_55__i3/CK   pps_counter_55__i4/CK}
                                                          CLOCK PIN                0.000                  6.349  1       


Data Path
Name                                      Cell/Site Name  Delay Name            Incr      Arrival/Required Time  Fanout  
----------------------------------------  --------------  --------------------  --------  ---------------------  ------  
pps_counter_55__i3/CK->pps_counter_55__i3/Q
                                          SLICE_R14C4C    CLK_TO_Q0_DELAY          1.388                  7.737  2       
pps_counter[3]                                            NET DELAY                2.670                 10.407  2       
i1_3_lut/B->i1_3_lut/Z                    SLICE_R15C5C    B0_TO_F0_DELAY           0.449                 10.856  1       
n754                                                      NET DELAY                3.080                 13.936  1       
i1_4_lut_adj_4/C->i1_4_lut_adj_4/Z        SLICE_R14C3C    B1_TO_F1_DELAY           0.449                 14.385  1       
n760                                                      NET DELAY                2.168                 16.553  1       
i1_4_lut_adj_6/C->i1_4_lut_adj_6/Z        SLICE_R15C4B    D0_TO_F0_DELAY           0.449                 17.002  14      
n195                                                      NET DELAY                4.877                 21.879  14      
{pps_counter_55__i7/SR   pps_counter_55__i8/SR}
                                                          ENDPOINT                 0.000                 21.879  1       


Destination Clock Path
Name                                      Cell/Site Name  Delay Name            Incr      Arrival/Required Time  Fanout  
----------------------------------------  --------------  --------------------  --------  ---------------------  ------  
                                                          CONSTRAINT               0.000                 26.041  1       
CLK_IN                                    top             CLOCK LATENCY            0.000                 26.041  1       
CLK_IN                                                    NET DELAY                0.000                 26.041  1       
CLK_IN_pad.bb_inst/B->CLK_IN_pad.bb_inst/O
                                          PIO_20          IOPAD_TO_PADDI_DELAY     0.850                 26.891  23      
CLK_IN_c                                                  NET DELAY                5.499                 32.390  23      
{pps_counter_55__i7/CK   pps_counter_55__i8/CK}
                                                          CLOCK PIN                0.000                 32.390  1       
                                                          Uncertainty           -(0.000)                 32.390  
                                                          Setup time            -(0.529)                 31.861  
----------------------------------------  --------------  --------------------  --------  ---------------------  ------  
Required Time                                                                                            31.861  
Arrival Time                                                                                          -(21.878)  
----------------------------------------  --------------  --------------------  --------  ---------------------  ------  
Path Slack  (Passed)                                                                                      9.982  




++++ Path 8 ++++++++++++++++++++++++++++++++++++++++++++++++++++++++++ 

Path Begin       : pps_counter_55__i3/Q  (SLICE_R14C4C)
Path End         : {pps_counter_55__i13/SR   pps_counter_55__i14/SR}  (SLICE_R14C5D)
Source Clock     : CLK_IN (R)
Destination Clock: CLK_IN (R)
Logic Level      : 4
Delay Ratio      : 82.4% (route), 17.6% (logic)
Clock Skew       : 0.000 ns 
Setup Constraint : 26.041 ns 
Path Slack       : 9.982 ns  (Passed)


Source Clock Path
Name                                      Cell/Site Name  Delay Name            Incr      Arrival/Required Time  Fanout  
----------------------------------------  --------------  --------------------  --------  ---------------------  ------  
CLK_IN                                    top             CLOCK LATENCY            0.000                  0.000  1       
CLK_IN                                                    NET DELAY                0.000                  0.000  1       
CLK_IN_pad.bb_inst/B->CLK_IN_pad.bb_inst/O
                                          PIO_20          IOPAD_TO_PADDI_DELAY     0.850                  0.850  23      
CLK_IN_c                                                  NET DELAY                5.499                  6.349  23      
{pps_counter_55__i3/CK   pps_counter_55__i4/CK}
                                                          CLOCK PIN                0.000                  6.349  1       


Data Path
Name                                      Cell/Site Name  Delay Name            Incr      Arrival/Required Time  Fanout  
----------------------------------------  --------------  --------------------  --------  ---------------------  ------  
pps_counter_55__i3/CK->pps_counter_55__i3/Q
                                          SLICE_R14C4C    CLK_TO_Q0_DELAY          1.388                  7.737  2       
pps_counter[3]                                            NET DELAY                2.670                 10.407  2       
i1_3_lut/B->i1_3_lut/Z                    SLICE_R15C5C    B0_TO_F0_DELAY           0.449                 10.856  1       
n754                                                      NET DELAY                3.080                 13.936  1       
i1_4_lut_adj_4/C->i1_4_lut_adj_4/Z        SLICE_R14C3C    B1_TO_F1_DELAY           0.449                 14.385  1       
n760                                                      NET DELAY                2.168                 16.553  1       
i1_4_lut_adj_6/C->i1_4_lut_adj_6/Z        SLICE_R15C4B    D0_TO_F0_DELAY           0.449                 17.002  14      
n195                                                      NET DELAY                4.877                 21.879  14      
{pps_counter_55__i13/SR   pps_counter_55__i14/SR}
                                                          ENDPOINT                 0.000                 21.879  1       


Destination Clock Path
Name                                      Cell/Site Name  Delay Name            Incr      Arrival/Required Time  Fanout  
----------------------------------------  --------------  --------------------  --------  ---------------------  ------  
                                                          CONSTRAINT               0.000                 26.041  1       
CLK_IN                                    top             CLOCK LATENCY            0.000                 26.041  1       
CLK_IN                                                    NET DELAY                0.000                 26.041  1       
CLK_IN_pad.bb_inst/B->CLK_IN_pad.bb_inst/O
                                          PIO_20          IOPAD_TO_PADDI_DELAY     0.850                 26.891  23      
CLK_IN_c                                                  NET DELAY                5.499                 32.390  23      
{pps_counter_55__i13/CK   pps_counter_55__i14/CK}
                                                          CLOCK PIN                0.000                 32.390  1       
                                                          Uncertainty           -(0.000)                 32.390  
                                                          Setup time            -(0.529)                 31.861  
----------------------------------------  --------------  --------------------  --------  ---------------------  ------  
Required Time                                                                                            31.861  
Arrival Time                                                                                          -(21.878)  
----------------------------------------  --------------  --------------------  --------  ---------------------  ------  
Path Slack  (Passed)                                                                                      9.982  




++++ Path 9 ++++++++++++++++++++++++++++++++++++++++++++++++++++++++++ 

Path Begin       : pps_counter_55__i3/Q  (SLICE_R14C4C)
Path End         : {pps_counter_55__i9/SR   pps_counter_55__i10/SR}  (SLICE_R14C5B)
Source Clock     : CLK_IN (R)
Destination Clock: CLK_IN (R)
Logic Level      : 4
Delay Ratio      : 82.4% (route), 17.6% (logic)
Clock Skew       : 0.000 ns 
Setup Constraint : 26.041 ns 
Path Slack       : 9.982 ns  (Passed)


Source Clock Path
Name                                      Cell/Site Name  Delay Name            Incr      Arrival/Required Time  Fanout  
----------------------------------------  --------------  --------------------  --------  ---------------------  ------  
CLK_IN                                    top             CLOCK LATENCY            0.000                  0.000  1       
CLK_IN                                                    NET DELAY                0.000                  0.000  1       
CLK_IN_pad.bb_inst/B->CLK_IN_pad.bb_inst/O
                                          PIO_20          IOPAD_TO_PADDI_DELAY     0.850                  0.850  23      
CLK_IN_c                                                  NET DELAY                5.499                  6.349  23      
{pps_counter_55__i3/CK   pps_counter_55__i4/CK}
                                                          CLOCK PIN                0.000                  6.349  1       


Data Path
Name                                      Cell/Site Name  Delay Name            Incr      Arrival/Required Time  Fanout  
----------------------------------------  --------------  --------------------  --------  ---------------------  ------  
pps_counter_55__i3/CK->pps_counter_55__i3/Q
                                          SLICE_R14C4C    CLK_TO_Q0_DELAY          1.388                  7.737  2       
pps_counter[3]                                            NET DELAY                2.670                 10.407  2       
i1_3_lut/B->i1_3_lut/Z                    SLICE_R15C5C    B0_TO_F0_DELAY           0.449                 10.856  1       
n754                                                      NET DELAY                3.080                 13.936  1       
i1_4_lut_adj_4/C->i1_4_lut_adj_4/Z        SLICE_R14C3C    B1_TO_F1_DELAY           0.449                 14.385  1       
n760                                                      NET DELAY                2.168                 16.553  1       
i1_4_lut_adj_6/C->i1_4_lut_adj_6/Z        SLICE_R15C4B    D0_TO_F0_DELAY           0.449                 17.002  14      
n195                                                      NET DELAY                4.877                 21.879  14      
{pps_counter_55__i9/SR   pps_counter_55__i10/SR}
                                                          ENDPOINT                 0.000                 21.879  1       


Destination Clock Path
Name                                      Cell/Site Name  Delay Name            Incr      Arrival/Required Time  Fanout  
----------------------------------------  --------------  --------------------  --------  ---------------------  ------  
                                                          CONSTRAINT               0.000                 26.041  1       
CLK_IN                                    top             CLOCK LATENCY            0.000                 26.041  1       
CLK_IN                                                    NET DELAY                0.000                 26.041  1       
CLK_IN_pad.bb_inst/B->CLK_IN_pad.bb_inst/O
                                          PIO_20          IOPAD_TO_PADDI_DELAY     0.850                 26.891  23      
CLK_IN_c                                                  NET DELAY                5.499                 32.390  23      
{pps_counter_55__i9/CK   pps_counter_55__i10/CK}
                                                          CLOCK PIN                0.000                 32.390  1       
                                                          Uncertainty           -(0.000)                 32.390  
                                                          Setup time            -(0.529)                 31.861  
----------------------------------------  --------------  --------------------  --------  ---------------------  ------  
Required Time                                                                                            31.861  
Arrival Time                                                                                          -(21.878)  
----------------------------------------  --------------  --------------------  --------  ---------------------  ------  
Path Slack  (Passed)                                                                                      9.982  




++++ Path 10 ++++++++++++++++++++++++++++++++++++++++++++++++++++++++++ 

Path Begin       : pps_counter_55__i3/Q  (SLICE_R14C4C)
Path End         : {pps_counter_55__i19/SR   pps_counter_55__i20/SR}  (SLICE_R14C6C)
Source Clock     : CLK_IN (R)
Destination Clock: CLK_IN (R)
Logic Level      : 4
Delay Ratio      : 81.1% (route), 18.9% (logic)
Clock Skew       : 0.000 ns 
Setup Constraint : 26.041 ns 
Path Slack       : 11.013 ns  (Passed)


Source Clock Path
Name                                      Cell/Site Name  Delay Name            Incr      Arrival/Required Time  Fanout  
----------------------------------------  --------------  --------------------  --------  ---------------------  ------  
CLK_IN                                    top             CLOCK LATENCY            0.000                  0.000  1       
CLK_IN                                                    NET DELAY                0.000                  0.000  1       
CLK_IN_pad.bb_inst/B->CLK_IN_pad.bb_inst/O
                                          PIO_20          IOPAD_TO_PADDI_DELAY     0.850                  0.850  23      
CLK_IN_c                                                  NET DELAY                5.499                  6.349  23      
{pps_counter_55__i3/CK   pps_counter_55__i4/CK}
                                                          CLOCK PIN                0.000                  6.349  1       


Data Path
Name                                      Cell/Site Name  Delay Name            Incr      Arrival/Required Time  Fanout  
----------------------------------------  --------------  --------------------  --------  ---------------------  ------  
pps_counter_55__i3/CK->pps_counter_55__i3/Q
                                          SLICE_R14C4C    CLK_TO_Q0_DELAY          1.388                  7.737  2       
pps_counter[3]                                            NET DELAY                2.670                 10.407  2       
i1_3_lut/B->i1_3_lut/Z                    SLICE_R15C5C    B0_TO_F0_DELAY           0.449                 10.856  1       
n754                                                      NET DELAY                3.080                 13.936  1       
i1_4_lut_adj_4/C->i1_4_lut_adj_4/Z        SLICE_R14C3C    B1_TO_F1_DELAY           0.449                 14.385  1       
n760                                                      NET DELAY                2.168                 16.553  1       
i1_4_lut_adj_6/C->i1_4_lut_adj_6/Z        SLICE_R15C4B    D0_TO_F0_DELAY           0.449                 17.002  14      
n195                                                      NET DELAY                3.846                 20.848  14      
{pps_counter_55__i19/SR   pps_counter_55__i20/SR}
                                                          ENDPOINT                 0.000                 20.848  1       


Destination Clock Path
Name                                      Cell/Site Name  Delay Name            Incr      Arrival/Required Time  Fanout  
----------------------------------------  --------------  --------------------  --------  ---------------------  ------  
                                                          CONSTRAINT               0.000                 26.041  1       
CLK_IN                                    top             CLOCK LATENCY            0.000                 26.041  1       
CLK_IN                                                    NET DELAY                0.000                 26.041  1       
CLK_IN_pad.bb_inst/B->CLK_IN_pad.bb_inst/O
                                          PIO_20          IOPAD_TO_PADDI_DELAY     0.850                 26.891  23      
CLK_IN_c                                                  NET DELAY                5.499                 32.390  23      
{pps_counter_55__i19/CK   pps_counter_55__i20/CK}
                                                          CLOCK PIN                0.000                 32.390  1       
                                                          Uncertainty           -(0.000)                 32.390  
                                                          Setup time            -(0.529)                 31.861  
----------------------------------------  --------------  --------------------  --------  ---------------------  ------  
Required Time                                                                                            31.861  
Arrival Time                                                                                          -(20.847)  
----------------------------------------  --------------  --------------------  --------  ---------------------  ------  
Path Slack  (Passed)                                                                                     11.013  



+++++++++++++++++++++++++++++++++++++++++++++++++++++++++++++++++++++ 
                    End of Detailed Report for timing paths 
+++++++++++++++++++++++++++++++++++++++++++++++++++++++++++++++++++++ 


##########################################################



===============================================================
3  Hold at Speed Grade m Corner at -40 Degrees
===============================================================

3.1  Endpoint slacks
=======================
-------------------------------------------------------
          Listing 10 End Points          |    Slack    
-------------------------------------------------------
g_clk_sdr.clk_iol/DO0                    |    1.491 ns 
pps_reg_c/D                              |    1.743 ns 
sync_done_c/D                            |    1.743 ns 
sync_counter[0]/D                        |    1.743 ns 
sync_reg_c/D                             |    1.743 ns 
g_clk_sdr.clk_toggle_c/D                 |    1.743 ns 
pps_counter_55__i9/D                     |    1.913 ns 
pps_counter_55__i10/D                    |    1.913 ns 
pps_counter_55__i19/D                    |    1.913 ns 
pps_counter_55__i20/D                    |    1.913 ns 
-------------------------------------------------------
                                         |             
Hold # of endpoints with negative slack: |           0 
                                         |             
-------------------------------------------------------

3.2  Detailed Report
=======================


XXXXXXXXXXXXXXXXXXXXXXXXXXXXXXXXXXXXXXXXXXXXXXXXXXXXXXXXXX

Detail report of critical paths

XXXXXXXXXXXXXXXXXXXXXXXXXXXXXXXXXXXXXXXXXXXXXXXXXXXXXXXXXX

+++++++++++++++++++++++++++++++++++++++++++++++++++++++++++++++++++++ 
                    Detailed Report for timing paths 
+++++++++++++++++++++++++++++++++++++++++++++++++++++++++++++++++++++ 

++++ Path 1 ++++++++++++++++++++++++++++++++++++++++++++++++++++++++++ 

Path Begin       : g_clk_sdr.clk_toggle_c/Q  (SLICE_R19C2D)
Path End         : g_clk_sdr.clk_iol/DO0  (IOLOGIC_IOL_L19B)
Source Clock     : CLK_IN (R)
Destination Clock: CLK_IN (R)
Logic Level      : 1
Delay Ratio      : 47.8% (route), 52.2% (logic)
Clock Skew       : 0.000 ns 
Hold Constraint  : 0.000 ns 
Path Slack       : 1.491 ns  (Passed)


Source Clock Path
Name                                      Cell/Site Name  Delay Name            Incr   Arrival/Required Time  Fanout  
----------------------------------------  --------------  --------------------  -----  ---------------------  ------  
CLK_IN                                    top             CLOCK LATENCY         0.000                  0.000  1       
CLK_IN                                                    NET DELAY             0.000                  0.000  1       
CLK_IN_pad.bb_inst/B->CLK_IN_pad.bb_inst/O
                                          PIO_20          IOPAD_TO_PADDI_DELAY  0.469                  0.469  23      
CLK_IN_c                                                  NET DELAY             3.084                  3.553  23      
g_clk_sdr.clk_toggle_c/CK                                 CLOCK PIN             0.000                  3.553  1       


Data Path
Name                                      Cell/Site Name  Delay Name            Incr   Arrival/Required Time  Fanout  
----------------------------------------  --------------  --------------------  -----  ---------------------  ------  
g_clk_sdr.clk_toggle_c/CK->g_clk_sdr.clk_toggle_c/Q
                                          SLICE_R19C2D    CLK_TO_Q0_DELAY       0.779                  4.332  2       
g_clk_sdr.clk_toggle                                      NET DELAY             0.712                  5.044  2       
g_clk_sdr.clk_iol/DO0                                     ENDPOINT              0.000                  5.044  1       


Destination Clock Path
Name                                      Cell/Site Name  Delay Name            Incr   Arrival/Required Time  Fanout  
----------------------------------------  --------------  --------------------  -----  ---------------------  ------  
                                                          CONSTRAINT            0.000                  0.000  1       
CLK_IN                                    top             CLOCK LATENCY         0.000                  0.000  1       
CLK_IN                                                    NET DELAY             0.000                  0.000  1       
CLK_IN_pad.bb_inst/B->CLK_IN_pad.bb_inst/O
                                          PIO_20          IOPAD_TO_PADDI_DELAY  0.469                  0.469  23      
CLK_IN_c                                                  NET DELAY             3.084                  3.553  23      
g_clk_sdr.clk_iol/OUTCLK                                  CLOCK PIN             0.000                  3.553  1       
                                                          Uncertainty           0.000                  3.553  
                                                          Hold time             0.000                  3.553  
----------------------------------------  --------------  --------------------  -----  ---------------------  ------  
Required Time                                                                                         -3.553  
Arrival Time                                                                                           5.044  
----------------------------------------  --------------  --------------------  -----  ---------------------  ------  
Path Slack  (Passed)                                                                                   1.491  




++++ Path 2 ++++++++++++++++++++++++++++++++++++++++++++++++++++++++++ 

Path Begin       : pps_counter_55__i18/Q  (SLICE_R14C6B)
Path End         : pps_reg_c/D  (SLICE_R15C6D)
Source Clock     : CLK_IN (R)
Destination Clock: CLK_IN (R)
Logic Level      : 2
Delay Ratio      : 40.8% (route), 59.2% (logic)
Clock Skew       : 0.000 ns 
Hold Constraint  : 0.000 ns 
Path Slack       : 1.743 ns  (Passed)


Source Clock Path
Name                                      Cell/Site Name  Delay Name            Incr   Arrival/Required Time  Fanout  
----------------------------------------  --------------  --------------------  -----  ---------------------  ------  
CLK_IN                                    top             CLOCK LATENCY         0.000                  0.000  1       
CLK_IN                                                    NET DELAY             0.000                  0.000  1       
CLK_IN_pad.bb_inst/B->CLK_IN_pad.bb_inst/O
                                          PIO_20          IOPAD_TO_PADDI_DELAY  0.469                  0.469  23      
CLK_IN_c                                                  NET DELAY             3.084                  3.553  23      
{pps_counter_55__i17/CK   pps_counter_55__i18/CK}
                                                          CLOCK PIN             0.000                  3.553  1       


Data Path
Name                                      Cell/Site Name  Delay Name            Incr   Arrival/Required Time  Fanout  
----------------------------------------  --------------  --------------------  -----  ---------------------  ------  
pps_counter_55__i18/CK->pps_counter_55__i18/Q
                                          SLICE_R14C6B    CLK_TO_Q1_DELAY       0.779                  4.332  3       
pps_counter[18]                                           NET DELAY             0.712                  5.044  3       
i676_4_lut/D->i676_4_lut/Z                SLICE_R15C6D    D1_TO_F1_DELAY        0.252                  5.296  1       
n730                                                      NET DELAY             0.000                  5.296  1       
pps_reg_c/D                                               ENDPOINT              0.000                  5.296  1       


Destination Clock Path
Name                                      Cell/Site Name  Delay Name            Incr   Arrival/Required Time  Fanout  
----------------------------------------  --------------  --------------------  -----  ---------------------  ------  
                                                          CONSTRAINT            0.000                  0.000  1       
CLK_IN                                    top             CLOCK LATENCY         0.000                  0.000  1       
CLK_IN                                                    NET DELAY             0.000                  0.000  1       
CLK_IN_pad.bb_inst/B->CLK_IN_pad.bb_inst/O
                                          PIO_20          IOPAD_TO_PADDI_DELAY  0.469                  0.469  23      
CLK_IN_c                                                  NET DELAY             3.084                  3.553  23      
pps_reg_c/CK                                              CLOCK PIN             0.000                  3.553  1       
                                                          Uncertainty           0.000                  3.553  
                                                          Hold time             0.000                  3.553  
----------------------------------------  --------------  --------------------  -----  ---------------------  ------  
Required Time                                                                                         -3.553  
Arrival Time                                                                                           5.296  
----------------------------------------  --------------  --------------------  -----  ---------------------  ------  
Path Slack  (Passed)                                                                                   1.743  




++++ Path 3 ++++++++++++++++++++++++++++++++++++++++++++++++++++++++++ 

Path Begin       : sync_done_c/Q  (SLICE_R15C5A)
Path End         : sync_done_c/D  (SLICE_R15C5A)
Source Clock     : CLK_IN (R)
Destination Clock: CLK_IN (R)
Logic Level      : 2
Delay Ratio      : 40.8% (route), 59.2% (logic)
Clock Skew       : 0.000 ns 
Hold Constraint  : 0.000 ns 
Path Slack       : 1.743 ns  (Passed)


Source Clock Path
Name                                      Cell/Site Name  Delay Name            Incr   Arrival/Required Time  Fanout  
----------------------------------------  --------------  --------------------  -----  ---------------------  ------  
CLK_IN                                    top             CLOCK LATENCY         0.000                  0.000  1       
CLK_IN                                                    NET DELAY             0.000                  0.000  1       
CLK_IN_pad.bb_inst/B->CLK_IN_pad.bb_inst/O
                                          PIO_20          IOPAD_TO_PADDI_DELAY  0.469                  0.469  23      
CLK_IN_c                                                  NET DELAY             3.084                  3.553  23      
sync_done_c/CK                                            CLOCK PIN             0.000                  3.553  1       


Data Path
Name                                      Cell/Site Name  Delay Name            Incr   Arrival/Required Time  Fanout  
----------------------------------------  --------------  --------------------  -----  ---------------------  ------  
sync_done_c/CK->sync_done_c/Q             SLICE_R15C5A    CLK_TO_Q0_DELAY       0.779                  4.332  3       
sync_done                                                 NET DELAY             0.712                  5.044  3       
i584_2_lut/B->i584_2_lut/Z                SLICE_R15C5A    D0_TO_F0_DELAY        0.252                  5.296  1       
n816                                                      NET DELAY             0.000                  5.296  1       
sync_done_c/D                                             ENDPOINT              0.000                  5.296  1       


Destination Clock Path
Name                                      Cell/Site Name  Delay Name            Incr   Arrival/Required Time  Fanout  
----------------------------------------  --------------  --------------------  -----  ---------------------  ------  
                                                          CONSTRAINT            0.000                  0.000  1       
CLK_IN                                    top             CLOCK LATENCY         0.000                  0.000  1       
CLK_IN                                                    NET DELAY             0.000                  0.000  1       
CLK_IN_pad.bb_inst/B->CLK_IN_pad.bb_inst/O
                                          PIO_20          IOPAD_TO_PADDI_DELAY  0.469                  0.469  23      
CLK_IN_c                                                  NET DELAY             3.084                  3.553  23      
sync_done_c/CK                                            CLOCK PIN             0.000                  3.553  1       
                                                          Uncertainty           0.000                  3.553  
                                                          Hold time             0.000                  3.553  
----------------------------------------  --------------  --------------------  -----  ---------------------  ------  
Required Time                                                                                         -3.553  
Arrival Time                                                                                           5.296  
----------------------------------------  --------------  --------------------  -----  ---------------------  ------  
Path Slack  (Passed)                                                                                   1.743  




++++ Path 4 ++++++++++++++++++++++++++++++++++++++++++++++++++++++++++ 

Path Begin       : sync_done_c/Q  (SLICE_R15C5A)
Path End         : sync_counter[0]/D  (SLICE_R15C4C)
Source Clock     : CLK_IN (R)
Destination Clock: CLK_IN (R)
Logic Level      : 2
Delay Ratio      : 40.8% (route), 59.2% (logic)
Clock Skew       : 0.000 ns 
Hold Constraint  : 0.000 ns 
Path Slack       : 1.743 ns  (Passed)


Source Clock Path
Name                                      Cell/Site Name  Delay Name            Incr   Arrival/Required Time  Fanout  
----------------------------------------  --------------  --------------------  -----  ---------------------  ------  
CLK_IN                                    top             CLOCK LATENCY         0.000                  0.000  1       
CLK_IN                                                    NET DELAY             0.000                  0.000  1       
CLK_IN_pad.bb_inst/B->CLK_IN_pad.bb_inst/O
                                          PIO_20          IOPAD_TO_PADDI_DELAY  0.469                  0.469  23      
CLK_IN_c                                                  NET DELAY             3.084                  3.553  23      
sync_done_c/CK                                            CLOCK PIN             0.000                  3.553  1       


Data Path
Name                                      Cell/Site Name  Delay Name            Incr   Arrival/Required Time  Fanout  
----------------------------------------  --------------  --------------------  -----  ---------------------  ------  
sync_done_c/CK->sync_done_c/Q             SLICE_R15C5A    CLK_TO_Q0_DELAY       0.779                  4.332  3       
sync_done                                                 NET DELAY             0.712                  5.044  3       
i220_3_lut/A->i220_3_lut/Z                SLICE_R15C4C    D0_TO_F0_DELAY        0.252                  5.296  1       
n370                                                      NET DELAY             0.000                  5.296  1       
sync_counter[0]/D                                         ENDPOINT              0.000                  5.296  1       


Destination Clock Path
Name                                      Cell/Site Name  Delay Name            Incr   Arrival/Required Time  Fanout  
----------------------------------------  --------------  --------------------  -----  ---------------------  ------  
                                                          CONSTRAINT            0.000                  0.000  1       
CLK_IN                                    top             CLOCK LATENCY         0.000                  0.000  1       
CLK_IN                                                    NET DELAY             0.000                  0.000  1       
CLK_IN_pad.bb_inst/B->CLK_IN_pad.bb_inst/O
                                          PIO_20          IOPAD_TO_PADDI_DELAY  0.469                  0.469  23      
CLK_IN_c                                                  NET DELAY             3.084                  3.553  23      
{sync_counter[0]/CK   sync_reg_c/CK}                      CLOCK PIN             0.000                  3.553  1       
                                                          Uncertainty           0.000                  3.553  
                                                          Hold time             0.000                  3.553  
----------------------------------------  --------------  --------------------  -----  ---------------------  ------  
Required Time                                                                                         -3.553  
Arrival Time                                                                                           5.296  
----------------------------------------  --------------  --------------------  -----  ---------------------  ------  
Path Slack  (Passed)                                                                                   1.743  




++++ Path 5 ++++++++++++++++++++++++++++++++++++++++++++++++++++++++++ 

Path Begin       : sync_counter[0]/Q  (SLICE_R15C4C)
Path End         : sync_reg_c/D  (SLICE_R15C4C)
Source Clock     : CLK_IN (R)
Destination Clock: CLK_IN (R)
Logic Level      : 2
Delay Ratio      : 40.8% (route), 59.2% (logic)
Clock Skew       : 0.000 ns 
Hold Constraint  : 0.000 ns 
Path Slack       : 1.743 ns  (Passed)


Source Clock Path
Name                                      Cell/Site Name  Delay Name            Incr   Arrival/Required Time  Fanout  
----------------------------------------  --------------  --------------------  -----  ---------------------  ------  
CLK_IN                                    top             CLOCK LATENCY         0.000                  0.000  1       
CLK_IN                                                    NET DELAY             0.000                  0.000  1       
CLK_IN_pad.bb_inst/B->CLK_IN_pad.bb_inst/O
                                          PIO_20          IOPAD_TO_PADDI_DELAY  0.469                  0.469  23      
CLK_IN_c                                                  NET DELAY             3.084                  3.553  23      
{sync_counter[0]/CK   sync_reg_c/CK}                      CLOCK PIN             0.000                  3.553  1       


Data Path
Name                                      Cell/Site Name  Delay Name            Incr   Arrival/Required Time  Fanout  
----------------------------------------  --------------  --------------------  -----  ---------------------  ------  
sync_counter[0]/CK->sync_counter[0]/Q     SLICE_R15C4C    CLK_TO_Q0_DELAY       0.779                  4.332  3       
sync_counter[0]                                           NET DELAY             0.712                  5.044  3       
i1_2_lut_3_lut/B->i1_2_lut_3_lut/Z        SLICE_R15C4C    D1_TO_F1_DELAY        0.252                  5.296  1       
n712                                                      NET DELAY             0.000                  5.296  1       
sync_reg_c/D                                              ENDPOINT              0.000                  5.296  1       


Destination Clock Path
Name                                      Cell/Site Name  Delay Name            Incr   Arrival/Required Time  Fanout  
----------------------------------------  --------------  --------------------  -----  ---------------------  ------  
                                                          CONSTRAINT            0.000                  0.000  1       
CLK_IN                                    top             CLOCK LATENCY         0.000                  0.000  1       
CLK_IN                                                    NET DELAY             0.000                  0.000  1       
CLK_IN_pad.bb_inst/B->CLK_IN_pad.bb_inst/O
                                          PIO_20          IOPAD_TO_PADDI_DELAY  0.469                  0.469  23      
CLK_IN_c                                                  NET DELAY             3.084                  3.553  23      
{sync_counter[0]/CK   sync_reg_c/CK}                      CLOCK PIN             0.000                  3.553  1       
                                                          Uncertainty           0.000                  3.553  
                                                          Hold time             0.000                  3.553  
----------------------------------------  --------------  --------------------  -----  ---------------------  ------  
Required Time                                                                                         -3.553  
Arrival Time                                                                                           5.296  
----------------------------------------  --------------  --------------------  -----  ---------------------  ------  
Path Slack  (Passed)                                                                                   1.743  




++++ Path 6 ++++++++++++++++++++++++++++++++++++++++++++++++++++++++++ 

Path Begin       : g_clk_sdr.clk_toggle_c/Q  (SLICE_R19C2D)
Path End         : g_clk_sdr.clk_toggle_c/D  (SLICE_R19C2D)
Source Clock     : CLK_IN (R)
Destination Clock: CLK_IN (R)
Logic Level      : 2
Delay Ratio      : 40.8% (route), 59.2% (logic)
Clock Skew       : 0.000 ns 
Hold Constraint  : 0.000 ns 
Path Slack       : 1.743 ns  (Passed)


Source Clock Path
Name                                      Cell/Site Name  Delay Name            Incr   Arrival/Required Time  Fanout  
----------------------------------------  --------------  --------------------  -----  ---------------------  ------  
CLK_IN                                    top             CLOCK LATENCY         0.000                  0.000  1       
CLK_IN                                                    NET DELAY             0.000                  0.000  1       
CLK_IN_pad.bb_inst/B->CLK_IN_pad.bb_inst/O
                                          PIO_20          IOPAD_TO_PADDI_DELAY  0.469                  0.469  23      
CLK_IN_c                                                  NET DELAY             3.084                  3.553  23      
g_clk_sdr.clk_toggle_c/CK                                 CLOCK PIN             0.000                  3.553  1       


Data Path
Name                                      Cell/Site Name  Delay Name            Incr   Arrival/Required Time  Fanout  
----------------------------------------  --------------  --------------------  -----  ---------------------  ------  
g_clk_sdr.clk_toggle_c/CK->g_clk_sdr.clk_toggle_c/Q
                                          SLICE_R19C2D    CLK_TO_Q0_DELAY       0.779                  4.332  2       
g_clk_sdr.clk_toggle                                      NET DELAY             0.712                  5.044  2       
i34_1_lut/A->i34_1_lut/Z                  SLICE_R19C2D    D0_TO_F0_DELAY        0.252                  5.296  1       
g_clk_sdr.clk_toggle_N_31                                 NET DELAY             0.000                  5.296  1       
g_clk_sdr.clk_toggle_c/D                                  ENDPOINT              0.000                  5.296  1       


Destination Clock Path
Name                                      Cell/Site Name  Delay Name            Incr   Arrival/Required Time  Fanout  
----------------------------------------  --------------  --------------------  -----  ---------------------  ------  
                                                          CONSTRAINT            0.000                  0.000  1       
CLK_IN                                    top             CLOCK LATENCY         0.000                  0.000  1       
CLK_IN                                                    NET DELAY             0.000                  0.000  1       
CLK_IN_pad.bb_inst/B->CLK_IN_pad.bb_inst/O
                                          PIO_20          IOPAD_TO_PADDI_DELAY  0.469                  0.469  23      
CLK_IN_c                                                  NET DELAY             3.084                  3.553  23      
g_clk_sdr.clk_toggle_c/CK                                 CLOCK PIN             0.000                  3.553  1       
                                                          Uncertainty           0.000                  3.553  
                                                          Hold time             0.000                  3.553  
----------------------------------------  --------------  --------------------  -----  ---------------------  ------  
Required Time                                                                                         -3.553  
Arrival Time                                                                                           5.296  
----------------------------------------  --------------  --------------------  -----  ---------------------  ------  
Path Slack  (Passed)                                                                                   1.743  




++++ Path 7 ++++++++++++++++++++++++++++++++++++++++++++++++++++++++++ 

Path Begin       : pps_counter_55__i9/Q  (SLICE_R14C5B)
Path End         : pps_counter_55__i9/D  (SLICE_R14C5B)
Source Clock     : CLK_IN (R)
Destination Clock: CLK_IN (R)
Logic Level      : 2
Delay Ratio      : 46.1% (route), 53.9% (logic)
Clock Skew       : 0.000 ns 
Hold Constraint  : 0.000 ns 
Path Slack       : 1.913 ns  (Passed)


Source Clock Path
Name                                      Cell/Site Name  Delay Name            Incr   Arrival/Required Time  Fanout  
----------------------------------------  --------------  --------------------  -----  ---------------------  ------  
CLK_IN                                    top             CLOCK LATENCY         0.000                  0.000  1       
CLK_IN                                                    NET DELAY             0.000                  0.000  1       
CLK_IN_pad.bb_inst/B->CLK_IN_pad.bb_inst/O
                                          PIO_20          IOPAD_TO_PADDI_DELAY  0.469                  0.469  23      
CLK_IN_c                                                  NET DELAY             3.084                  3.553  23      
{pps_counter_55__i9/CK   pps_counter_55__i10/CK}
                                                          CLOCK PIN             0.000                  3.553  1       


Data Path
Name                                      Cell/Site Name  Delay Name            Incr   Arrival/Required Time  Fanout  
----------------------------------------  --------------  --------------------  -----  ---------------------  ------  
pps_counter_55__i9/CK->pps_counter_55__i9/Q
                                          SLICE_R14C5B    CLK_TO_Q0_DELAY       0.779                  4.332  2       
pps_counter[9]                                            NET DELAY             0.882                  5.214  2       
pps_counter_55_add_4_11/C0->pps_counter_55_add_4_11/S0
                                          SLICE_R14C5B    C0_TO_F0_DELAY        0.252                  5.466  1       
n109[9]                                                   NET DELAY             0.000                  5.466  1       
pps_counter_55__i9/D                                      ENDPOINT              0.000                  5.466  1       


Destination Clock Path
Name                                      Cell/Site Name  Delay Name            Incr   Arrival/Required Time  Fanout  
----------------------------------------  --------------  --------------------  -----  ---------------------  ------  
                                                          CONSTRAINT            0.000                  0.000  1       
CLK_IN                                    top             CLOCK LATENCY         0.000                  0.000  1       
CLK_IN                                                    NET DELAY             0.000                  0.000  1       
CLK_IN_pad.bb_inst/B->CLK_IN_pad.bb_inst/O
                                          PIO_20          IOPAD_TO_PADDI_DELAY  0.469                  0.469  23      
CLK_IN_c                                                  NET DELAY             3.084                  3.553  23      
{pps_counter_55__i9/CK   pps_counter_55__i10/CK}
                                                          CLOCK PIN             0.000                  3.553  1       
                                                          Uncertainty           0.000                  3.553  
                                                          Hold time             0.000                  3.553  
----------------------------------------  --------------  --------------------  -----  ---------------------  ------  
Required Time                                                                                         -3.553  
Arrival Time                                                                                           5.466  
----------------------------------------  --------------  --------------------  -----  ---------------------  ------  
Path Slack  (Passed)                                                                                   1.913  




++++ Path 8 ++++++++++++++++++++++++++++++++++++++++++++++++++++++++++ 

Path Begin       : pps_counter_55__i10/Q  (SLICE_R14C5B)
Path End         : pps_counter_55__i10/D  (SLICE_R14C5B)
Source Clock     : CLK_IN (R)
Destination Clock: CLK_IN (R)
Logic Level      : 2
Delay Ratio      : 46.1% (route), 53.9% (logic)
Clock Skew       : 0.000 ns 
Hold Constraint  : 0.000 ns 
Path Slack       : 1.913 ns  (Passed)


Source Clock Path
Name                                      Cell/Site Name  Delay Name            Incr   Arrival/Required Time  Fanout  
----------------------------------------  --------------  --------------------  -----  ---------------------  ------  
CLK_IN                                    top             CLOCK LATENCY         0.000                  0.000  1       
CLK_IN                                                    NET DELAY             0.000                  0.000  1       
CLK_IN_pad.bb_inst/B->CLK_IN_pad.bb_inst/O
                                          PIO_20          IOPAD_TO_PADDI_DELAY  0.469                  0.469  23      
CLK_IN_c                                                  NET DELAY             3.084                  3.553  23      
{pps_counter_55__i9/CK   pps_counter_55__i10/CK}
                                                          CLOCK PIN             0.000                  3.553  1       


Data Path
Name                                      Cell/Site Name  Delay Name            Incr   Arrival/Required Time  Fanout  
----------------------------------------  --------------  --------------------  -----  ---------------------  ------  
pps_counter_55__i10/CK->pps_counter_55__i10/Q
                                          SLICE_R14C5B    CLK_TO_Q1_DELAY       0.779                  4.332  2       
pps_counter[10]                                           NET DELAY             0.882                  5.214  2       
pps_counter_55_add_4_11/C1->pps_counter_55_add_4_11/S1
                                          SLICE_R14C5B    C1_TO_F1_DELAY        0.252                  5.466  1       
n109[10]                                                  NET DELAY             0.000                  5.466  1       
pps_counter_55__i10/D                                     ENDPOINT              0.000                  5.466  1       


Destination Clock Path
Name                                      Cell/Site Name  Delay Name            Incr   Arrival/Required Time  Fanout  
----------------------------------------  --------------  --------------------  -----  ---------------------  ------  
                                                          CONSTRAINT            0.000                  0.000  1       
CLK_IN                                    top             CLOCK LATENCY         0.000                  0.000  1       
CLK_IN                                                    NET DELAY             0.000                  0.000  1       
CLK_IN_pad.bb_inst/B->CLK_IN_pad.bb_inst/O
                                          PIO_20          IOPAD_TO_PADDI_DELAY  0.469                  0.469  23      
CLK_IN_c                                                  NET DELAY             3.084                  3.553  23      
{pps_counter_55__i9/CK   pps_counter_55__i10/CK}
                                                          CLOCK PIN             0.000                  3.553  1       
                                                          Uncertainty           0.000                  3.553  
                                                          Hold time             0.000                  3.553  
----------------------------------------  --------------  --------------------  -----  ---------------------  ------  
Required Time                                                                                         -3.553  
Arrival Time                                                                                           5.466  
----------------------------------------  --------------  --------------------  -----  ---------------------  ------  
Path Slack  (Passed)                                                                                   1.913  




++++ Path 9 ++++++++++++++++++++++++++++++++++++++++++++++++++++++++++ 

Path Begin       : pps_counter_55__i19/Q  (SLICE_R14C6C)
Path End         : pps_counter_55__i19/D  (SLICE_R14C6C)
Source Clock     : CLK_IN (R)
Destination Clock: CLK_IN (R)
Logic Level      : 2
Delay Ratio      : 46.1% (route), 53.9% (logic)
Clock Skew       : 0.000 ns 
Hold Constraint  : 0.000 ns 
Path Slack       : 1.913 ns  (Passed)


Source Clock Path
Name                                      Cell/Site Name  Delay Name            Incr   Arrival/Required Time  Fanout  
----------------------------------------  --------------  --------------------  -----  ---------------------  ------  
CLK_IN                                    top             CLOCK LATENCY         0.000                  0.000  1       
CLK_IN                                                    NET DELAY             0.000                  0.000  1       
CLK_IN_pad.bb_inst/B->CLK_IN_pad.bb_inst/O
                                          PIO_20          IOPAD_TO_PADDI_DELAY  0.469                  0.469  23      
CLK_IN_c                                                  NET DELAY             3.084                  3.553  23      
{pps_counter_55__i19/CK   pps_counter_55__i20/CK}
                                                          CLOCK PIN             0.000                  3.553  1       


Data Path
Name                                      Cell/Site Name  Delay Name            Incr   Arrival/Required Time  Fanout  
----------------------------------------  --------------  --------------------  -----  ---------------------  ------  
pps_counter_55__i19/CK->pps_counter_55__i19/Q
                                          SLICE_R14C6C    CLK_TO_Q0_DELAY       0.779                  4.332  3       
pps_counter[19]                                           NET DELAY             0.882                  5.214  3       
pps_counter_55_add_4_21/C0->pps_counter_55_add_4_21/S0
                                          SLICE_R14C6C    C0_TO_F0_DELAY        0.252                  5.466  1       
n109[19]                                                  NET DELAY             0.000                  5.466  1       
pps_counter_55__i19/D                                     ENDPOINT              0.000                  5.466  1       


Destination Clock Path
Name                                      Cell/Site Name  Delay Name            Incr   Arrival/Required Time  Fanout  
----------------------------------------  --------------  --------------------  -----  ---------------------  ------  
                                                          CONSTRAINT            0.000                  0.000  1       
CLK_IN                                    top             CLOCK LATENCY         0.000                  0.000  1       
CLK_IN                                                    NET DELAY             0.000                  0.000  1       
CLK_IN_pad.bb_inst/B->CLK_IN_pad.bb_inst/O
                                          PIO_20          IOPAD_TO_PADDI_DELAY  0.469                  0.469  23      
CLK_IN_c                                                  NET DELAY             3.084                  3.553  23      
{pps_counter_55__i19/CK   pps_counter_55__i20/CK}
                                                          CLOCK PIN             0.000                  3.553  1       
                                                          Uncertainty           0.000                  3.553  
                                                          Hold time             0.000                  3.553  
----------------------------------------  --------------  --------------------  -----  ---------------------  ------  
Required Time                                                                                         -3.553  
Arrival Time                                                                                           5.466  
----------------------------------------  --------------  --------------------  -----  ---------------------  ------  
Path Slack  (Passed)                                                                                   1.913  




++++ Path 10 ++++++++++++++++++++++++++++++++++++++++++++++++++++++++++ 

Path Begin       : pps_counter_55__i20/Q  (SLICE_R14C6C)
Path End         : pps_counter_55__i20/D  (SLICE_R14C6C)
Source Clock     : CLK_IN (R)
Destination Clock: CLK_IN (R)
Logic Level      : 2
Delay Ratio      : 46.1% (route), 53.9% (logic)
Clock Skew       : 0.000 ns 
Hold Constraint  : 0.000 ns 
Path Slack       : 1.913 ns  (Passed)


Source Clock Path
Name                                      Cell/Site Name  Delay Name            Incr   Arrival/Required Time  Fanout  
----------------------------------------  --------------  --------------------  -----  ---------------------  ------  
CLK_IN                                    top             CLOCK LATENCY         0.000                  0.000  1       
CLK_IN                                                    NET DELAY             0.000                  0.000  1       
CLK_IN_pad.bb_inst/B->CLK_IN_pad.bb_inst/O
                                          PIO_20          IOPAD_TO_PADDI_DELAY  0.469                  0.469  23      
CLK_IN_c                                                  NET DELAY             3.084                  3.553  23      
{pps_counter_55__i19/CK   pps_counter_55__i20/CK}
                                                          CLOCK PIN             0.000                  3.553  1       


Data Path
Name                                      Cell/Site Name  Delay Name            Incr   Arrival/Required Time  Fanout  
----------------------------------------  --------------  --------------------  -----  ---------------------  ------  
pps_counter_55__i20/CK->pps_counter_55__i20/Q
                                          SLICE_R14C6C    CLK_TO_Q1_DELAY       0.779                  4.332  3       
pps_counter[20]                                           NET DELAY             0.882                  5.214  3       
pps_counter_55_add_4_21/C1->pps_counter_55_add_4_21/S1
                                          SLICE_R14C6C    C1_TO_F1_DELAY        0.252                  5.466  1       
n109[20]                                                  NET DELAY             0.000                  5.466  1       
pps_counter_55__i20/D                                     ENDPOINT              0.000                  5.466  1       


Destination Clock Path
Name                                      Cell/Site Name  Delay Name            Incr   Arrival/Required Time  Fanout  
----------------------------------------  --------------  --------------------  -----  ---------------------  ------  
                                                          CONSTRAINT            0.000                  0.000  1       
CLK_IN                                    top             CLOCK LATENCY         0.000                  0.000  1       
CLK_IN                                                    NET DELAY             0.000                  0.000  1       
CLK_IN_pad.bb_inst/B->CLK_IN_pad.bb_inst/O
                                          PIO_20          IOPAD_TO_PADDI_DELAY  0.469                  0.469  23      
CLK_IN_c                                                  NET DELAY             3.084                  3.553  23      
{pps_counter_55__i19/CK   pps_counter_55__i20/CK}
                                                          CLOCK PIN             0.000                  3.553  1       
                                                          Uncertainty           0.000                  3.553  
                                                          Hold time             0.000                  3.553  
----------------------------------------  --------------  --------------------  -----  ---------------------  ------  
Required Time                                                                                         -3.553  
Arrival Time                                                                                           5.466  
----------------------------------------  --------------  --------------------  -----  ---------------------  ------  
Path Slack  (Passed)                                                                                   1.913  



+++++++++++++++++++++++++++++++++++++++++++++++++++++++++++++++++++++ 
                    End of Detailed Report for timing paths 
+++++++++++++++++++++++++++++++++++++++++++++++++++++++++++++++++++++ 


##########################################################



